id,email,firstname,lastname,age,note
,account01@ngoanh2n.github.io,"Tester 01",Nguyen,,
