id,email,firstname,lastname,age,note
,tester01@csvassert.vn,"Tester 01",Nguyen,,
,tester02@csvassert.vn,"Tester 02",Nguyen,,