id,email,firstname,lastname,age,note
,account01@ngoanh2n.github.io,"Tester 01",Nguyen,,
,account02@ngoanh2n.github.io,"Tester 02",Nguyen,,
,account03@ngoanh2n.github.io,"Tester 03",Nguyen,,
